// Jest Snapshot v1, https://goo.gl/fbAQLP

exports[`测试enzyme的mount 使用Enzyme测试快照 1`] = `
<App>
  <div
    className="app-container"
    data-jest="container"
    name="lixiang"
  >
    aaa
  </div>
</App>
`;
